src/components/WebGLBackground.tsx(31,13): error TS6133: 'state' is declared but its value is never read.
